2:1 Tlparen
2:3 Trparen
2:5 Tlbracket
2:7 Trbracket
2:9 Tlbrace
2:11 Trbrace
2:13 Tcomma
2:15 Tsemi
2:17 Tcolon
2:19 Tcoloncolon
2:22 Tdot
2:24 Tdotdot
2:27 Tdotdotdot
3:1 Tarrow
3:4 Tquestion
3:6 Tat
3:8 Tdollar2
3:11 Tcaret2
3:14 Thashlbracket
4:1 Tplus
4:3 Tminus
4:5 Tstar
4:7 Tslash
4:9 Tpercent
4:11 Ttilde
5:1 Tcaret
5:3 Tamp
5:5 Tbar
5:7 Tbang
5:9 Tshl
5:12 Tshr
6:1 Tlt
6:3 Tgt
6:5 Tle
6:8 Tge
6:11 Teqeq
6:14 Tne
6:17 Tampamp
6:20 Tbarbar
7:1 Teq
7:3 Tpluseq
7:6 Tminuseq
7:9 Tstareq
7:12 Tslasheq
7:15 Tshleq
7:19 Tshreq
8:1 Teof
